// Jest Snapshot v1, https://goo.gl/fbAQLP

exports[`MovieList Component renders the title 1`] = `
<DocumentFragment>
  <div
    class="movie-list"
  >
    <h2>
      Here is your list
    </h2>
    <div
      class="poster"
    />
  </div>
</DocumentFragment>
`;
