// Jest Snapshot v1, https://goo.gl/fbAQLP

exports[`MovieSection Component renders the title 1`] = `
<DocumentFragment>
  <div
    class="movieList"
  >
    <h2>
      Upcoming
    </h2>
    <div
      class="poster-list"
    />
  </div>
</DocumentFragment>
`;
